+--------------+--------------------------------+------------------+-------------+---------------+-------------------+---------------+
| institute_id | name                           | recipients_count | grant_count | total_funding | latest_grant_date | is_bookmarked |
+--------------+--------------------------------+------------------+-------------+---------------+-------------------+---------------+
|          319 | Testlabs International Ltd     |                2 |           4 |      18000.00 | 2018-09-04        |             1 |
|          375 | CellScale Biomaterials Testing |                4 |           4 |      18000.00 | 2018-05-07        |             1 |
|         2559 | Caribou Contests Inc           |                3 |           3 |      13500.00 | 2017-09-20        |             1 |
|          213 | Caribou Contests Inc           |                2 |           2 |       9000.00 | 2018-01-01        |             1 |
|         3128 | CellScale Biomaterials Testing |                2 |           2 |       8718.75 | 2018-03-07        |             1 |
|          823 | Nova Medical Testing Inc       |                1 |           1 |       4500.00 | 2018-05-01        |             1 |
|         3245 | Testlabs International Ltd     |                1 |           1 |       4500.00 | 2017-11-08        |             1 |
+--------------+--------------------------------+------------------+-------------+---------------+-------------------+---------------+
7 rows in set (0.01 sec)
