+-------------+-----------+
| search_term | frequency |
+-------------+-----------+
| waterloo    |         6 |
| toronto     |         5 |
| mcgill      |         4 |
| guelph      |         2 |
| york        |         2 |
+-------------+-----------+