user_id recipient_id
1   16576
user_id institute_id
1   8