+------+----------------+--------------+---------------+---------------+
| year | funding_agency | total_grants | total_funding | avg_funding   |
+------+----------------+--------------+---------------+---------------+
| 2016 | CIHR           |         1671 | 1173216208.00 | 702104.253740 |
| 2016 | SSHRC          |            1 |     112500.00 | 112500.000000 |
| 2017 | CIHR           |         1732 | 1016957222.00 | 587157.749423 |
| 2017 | SSHRC          |         3329 |  794419407.65 | 238636.049159 |
| 2017 | NSERC          |        10652 |  791677701.14 |  74321.977201 |
| 2018 | SSHRC          |         5982 | 1223739196.43 | 204570.243469 |
| 2018 | NSERC          |        13284 | 1065149917.18 |  80182.920595 |
| 2018 | CIHR           |         3189 | 1063322501.00 | 333434.462527 |
+------+----------------+--------------+---------------+---------------+
8 rows in set (0.25 sec)
