Sorted grants: [
  {
    ref_number: '207-2019-2020-Q1-10144',
    latest_amendment_number: '0',
    latest_amendment_date: null,
    agreement_type: 'G',
    agreement_number: '',
    latest_value: '11113643.00',
    foreign_currency_type: '',
    foreign_currency_value: null,
    agreement_start_date: 2019-04-01T04:00:00.000Z,
    agreement_end_date: 2020-03-31T04:00:00.000Z,
    agreement_title_en: 'RESEARCH SUPPORT FUND',
    description_en: 'The Research Support Fund (RSF) helps universities, colleges and their affiliated research hospitals and institutes sustain and maintain a research environment which will enable them to make optimal use of the federal investment in academic research provided through the three federal granting agencies.',
    expected_results_en: 'This program provides support to institutions in the form of grants in the social sciences and humanities, natural sciences and engineering, and health. This program builds institutional capacity by offsetting the central and departmental administrative costs that institutions incur in supporting research, which are not attributable to specific research projects.',
    legal_name: 'University of Waterloo - University of Waterloo',
    research_organization_name: 'University of Waterloo - University of Waterloo',
    institute_id: 565,
    recipient_id: 16580,
    city: 'WATERLOO',
    province: 'ON',
    country: 'CA',
    org: 'SSHRC',
    owner_org: 'sshrc-crsh',
    owner_org_title: 'Social Sciences and Humanities Research Council of Canada | Conseil de recherches en sciences humain',
    prog_id: 'PROG_3808c4f9',
    name_en: 'Research Support Fund',
    amendments_history: [ [Object] ],
    agreement_value: '11113643.00',
    amendment_number: '0',
    amendment_date: null
  },
  {
    ref_number: '236-2019-2020-Q1-01286',
    latest_amendment_number: '0',
    latest_amendment_date: null,
    agreement_type: 'G',
    agreement_number: '147261',
    latest_value: '2994975.00',
    foreign_currency_type: '',
    foreign_currency_value: null,
    agreement_start_date: 2019-04-01T04:00:00.000Z,
    agreement_end_date: 2024-03-31T04:00:00.000Z,
    agreement_title_en: 'Project Grant',
    description_en: 'Support a diverse portfolio of health-related research and knowledge translation projects at any stage, from discovery to application, including commercialization; Promote relevant collaborations across disciplines, professions, and sectors;\n' +
      'Contribute to the creation and use of health-related knowledge.',
    expected_results_en: 'This program provides funding to conduct research in any area related to health aimed at the discovery and application of knowledge. Funding is provided to researchers and academic organizations to conduct research, translate knowledge, and build capacity through research training and salaries. Applicants identify and propose the nature and scope of the research and compete for support by demonstrating excellence and the potential impact the research will have on health systems and/or health outcomes.',
    legal_name: 'Hammond, David G',
    research_organization_name: 'University of Waterloo (Ontario)',
    institute_id: 47,
    recipient_id: 6752,
    city: 'Waterloo',
    province: 'ON',
    country: 'CA',
    org: 'CIHR',
    owner_org: 'cihr-irsc',
    owner_org_title: 'Canadian Institutes of Health Research | Instituts de recherche en sant√© du Canada',
    prog_id: 'PROG_988b71b1',
    name_en: 'Investigator-Initiated Research',
    amendments_history: [ [Object] ],
    agreement_value: '2994975.00',
    amendment_number: '0',
    amendment_date: null
  },
  {
    ref_number: '207-2019-2020-Q1-02058',
    latest_amendment_number: '0',
    latest_amendment_date: null,
    agreement_type: 'G',
    agreement_number: '',
    latest_value: '2500000.00',
    foreign_currency_type: '',
    foreign_currency_value: null,
    agreement_start_date: 2019-04-01T04:00:00.000Z,
    agreement_end_date: 2026-03-31T04:00:00.000Z,
    agreement_title_en: 'Partnership Grants - Stage 2',
    description_en: 'The Partnership Grants provide support to new or existing formal partnerships for initiatives that advance research, research training and/or knowledge mobilization in the social sciences and humanities.',
    expected_results_en: 'This program provides funding to enable social sciences and humanities research collaboration with partners across the academic, public, private and not-for-profit sectors. This program helps stimulate leading-edge, internationally competitive research, fosters strong and productive research collaborations with multisectoral partners and accelerates the use of research results by organizations that can harness them for Canadian economic, social and cultural development.',
    legal_name: 'University of Waterloo',
    research_organization_name: 'University of Waterloo',
    institute_id: 208,
    recipient_id: 16579,
    city: 'CAMBRIDGE',
    province: 'ON',
    country: 'CA',
    org: 'SSHRC',
    owner_org: 'sshrc-crsh',
    owner_org_title: 'Social Sciences and Humanities Research Council of Canada | Conseil de recherches en sciences humain',
    prog_id: 'PROG_c4a10fbf',
    name_en: 'Research Partnerships',
    amendments_history: [ [Object] ],
    agreement_value: '2500000.00',
    amendment_number: '0',
    amendment_date: null
  },
  {
    ref_number: '110_2018_2019_Q4_1465',
    latest_amendment_number: '2',
    latest_amendment_date: 2021-07-30T04:00:00.000Z,
    agreement_type: 'G',
    agreement_number: '110_2018_2019_Q4_1465',
    latest_value: '2259283.00',
    foreign_currency_type: '',
    foreign_currency_value: null,
    agreement_start_date: 2019-01-01T05:00:00.000Z,
    agreement_end_date: 2023-12-31T05:00:00.000Z,
    agreement_title_en: 'Collaborative Research and Development Grants',
    description_en: 'The Collaborative Research and Development (CRD) Grants are intended to give companies that operate from a Canadian base access to the unique knowledge, expertise, and educational resources available at Canadian postsecondary institutions and to train students in essential technical skills required by industry. The mutually beneficial collaborations are expected to result in industrial and/or economic benefits to Canada.',
    expected_results_en: 'The Collaborative Research and Development (CRD) Grants are intended to give companies that operate from a Canadian base access to the unique knowledge, expertise, and educational resources available at Canadian postsecondary institutions and to train students in essential technical skills required by industry. The mutually beneficial collaborations are expected to result in industrial and/or economic benefits to Canada.',
    legal_name: 'Price, Jonathan',
    research_organization_name: 'University of Waterloo',
    institute_id: 208,
    recipient_id: 13293,
    city: 'CAMBRIDGE',
    province: 'ON',
    country: 'CA',
    org: 'NSERC',
    owner_org: 'nserc-crsng',
    owner_org_title: 'Natural Sciences and Engineering Research Council of Canada | Conseil de recherches en sciences natu',
    prog_id: 'PROG_c4a10fbf',
    name_en: 'Research Partnerships',
    amendments_history: [ [Object], [Object], [Object] ],
    agreement_value: '2259283.00',
    amendment_number: '2',
    amendment_date: 2021-07-30T04:00:00.000Z
  },
  {
    ref_number: '110_2019_2020_Q1_3663',
    latest_amendment_number: '2',
    latest_amendment_date: 2021-04-30T04:00:00.000Z,
    agreement_type: 'G',
    agreement_number: '110_2019_2020_Q1_3663',
    latest_value: '1708220.00',
    foreign_currency_type: '',
    foreign_currency_value: null,
    agreement_start_date: 2019-04-01T04:00:00.000Z,
    agreement_end_date: 2026-03-31T04:00:00.000Z,
    agreement_title_en: 'Collaborative Research and Training Experience',
    description_en: 'The Collaborative Research and Training Experience (CREATE) Program aims to support the training of teams of highly qualified students and postdoctoral fellows from Canada and abroad through the development of innovative training programs that encourage c',
    expected_results_en: 'This program provides grants, scholarships and fellowships to attract, retain and develop the next generation of scientists and engineers, as well as to promote science to Canadian youth to encourage an early interest in science. The student support provi',
    legal_name: 'Yu, Alfred',
    research_organization_name: 'University of Waterloo',
    institute_id: 208,
    recipient_id: 17893,
    city: 'CAMBRIDGE',
    province: 'ON',
    country: 'CA',
    org: 'NSERC',
    owner_org: 'nserc-crsng',
    owner_org_title: 'Natural Sciences and Engineering Research Council of Canada | Conseil de recherches en sciences natu',
    prog_id: 'PROG_7a05a760',
    name_en: 'Research Training and Talent Development',
    amendments_history: [ [Object], [Object], [Object] ],
    agreement_value: '1708220.00',
    amendment_number: '2',
    amendment_date: 2021-04-30T04:00:00.000Z
  },
  {
    ref_number: '236-2019-2020-Q2-00201',
    latest_amendment_number: '1',
    latest_amendment_date: 2020-09-30T04:00:00.000Z,
    agreement_type: 'G',
    agreement_number: '151397',
    latest_value: '1539112.00',
    foreign_currency_type: '',
    foreign_currency_value: null,
    agreement_start_date: 2019-07-01T04:00:00.000Z,
    agreement_end_date: 2023-06-30T04:00:00.000Z,
    agreement_title_en: 'Team Grant: Food Security and Climate Change in the Canadian North',
    description_en: 'Create new knowledge about the magnitude and health effects of climate change on food security in the Canadian North and Northern Indigenous populations by incorporating Indigenous knowledge and land-based experience regarding traditional/ country food sources.\n' +
      'Identify effective approaches, programs and policy to address food insecurity in the North through implementation science.\n' +
      'Build capacity for multidisciplinary research in the area of food security and climate change in the Canadian North that has strong and meaningful engagement with Indigenous communities and organizations.',
    expected_results_en: 'This program provides funding for targeted grants and awards aimed at addressing priority areas. Priorities are identified by CIHR in consultation with other government departments and agencies, partners and stakeholders. The program mobilizes researchers, patients, health providers, and decision makers to conduct research, enable knowledge translation and build capacity in the priority areas. It often requires collaboration within and across sectors.',
    legal_name: 'Skinner, Kelly',
    research_organization_name: 'University of Waterloo (Ontario)',
    institute_id: 47,
    recipient_id: 15173,
    city: 'Waterloo',
    province: 'ON',
    country: 'CA',
    org: 'CIHR',
    owner_org: 'cihr-irsc',
    owner_org_title: 'Canadian Institutes of Health Research | Instituts de recherche en sant√© du Canada',
    prog_id: 'PROG_521154d5',
    name_en: 'Research in Priority Areas',
    amendments_history: [ [Object], [Object] ],
    agreement_value: '1539112.00',
    amendment_number: '1',
    amendment_date: 2020-09-30T04:00:00.000Z
  },
  {
    ref_number: '207-2019-2020-Q1-02179',
    latest_amendment_number: '0',
    latest_amendment_date: null,
    agreement_type: 'G',
    agreement_number: '',
    latest_value: '1400000.00',
    foreign_currency_type: '',
    foreign_currency_value: null,
    agreement_start_date: 2019-05-01T04:00:00.000Z,
    agreement_end_date: 2026-04-30T04:00:00.000Z,
    agreement_title_en: 'Canada Research Chairs',
    description_en: 'The Canada Research Chairs Program (CRCP) aims to enable Canadian universities to foster research excellence and to enhance their role in the global, knowledge-based economy as world-class centres of research excellence; to provide targeted resources to help attract and retain a cadre of world class researchers to reinforce academic research excellence in Canadian universities; and to support internationally competitive research and research capacity that generates social, economic and cultural benefits for Canada.',
    expected_results_en: 'This program provides grants to researchers and institutions to support research and related activities in the social sciences and humanities. This program builds knowledge and understanding about people, societies and the world, as well as informs the search for solutions to societal challenges.',
    legal_name: 'Fowler, Michael  W',
    research_organization_name: 'University of Waterloo',
    institute_id: 208,
    recipient_id: 5477,
    city: 'CAMBRIDGE',
    province: 'ON',
    country: 'CA',
    org: 'SSHRC',
    owner_org: 'sshrc-crsh',
    owner_org_title: 'Social Sciences and Humanities Research Council of Canada | Conseil de recherches en sciences humain',
    prog_id: 'PROG_d4cda8ad',
    name_en: 'Insight research',
    amendments_history: [ [Object] ],
    agreement_value: '1400000.00',
    amendment_number: '0',
    amendment_date: null
  },
  {
    ref_number: '207-2018-2019-Q4-00703',
    latest_amendment_number: '0',
    latest_amendment_date: null,
    agreement_type: 'G',
    agreement_number: '',
    latest_value: '1400000.00',
    foreign_currency_type: '',
    foreign_currency_value: null,
    agreement_start_date: 2019-01-01T05:00:00.000Z,
    agreement_end_date: 2025-12-31T05:00:00.000Z,
    agreement_title_en: 'Canada Research Chairs',
    description_en: 'The Canada Research Chairs Program (CRCP) aims to enable Canadian universities to foster research excellence and to enhance their role in the global, knowledge-based economy as world-class centres of research excellence; to provide targeted resources to help attract and retain a cadre of world class researchers to reinforce academic research excellence in Canadian universities; and to support internationally competitive research and research capacity that generates social, economic and cultural benefits for Canada.',
    expected_results_en: 'This program provides grants to researchers and institutions to support research and related activities in the social sciences and humanities. This program builds knowledge and understanding about people, societies and the world, as well as informs the search for solutions to societal challenges.',
    legal_name: 'Wang, Zhou  \nUniversity of Waterloo',
    research_organization_name: 'University of Waterloo',
    institute_id: 208,
    recipient_id: 17139,
    city: 'CAMBRIDGE',
    province: 'ON',
    country: 'CA',
    org: 'SSHRC',
    owner_org: 'sshrc-crsh',
    owner_org_title: 'Social Sciences and Humanities Research Council of Canada | Conseil de recherches en sciences humain',
    prog_id: 'PROG_d4cda8ad',
    name_en: 'Insight research',
    amendments_history: [ [Object] ],
    agreement_value: '1400000.00',
    amendment_number: '0',
    amendment_date: null
  },
  {
    ref_number: '207-2019-2020-Q2-01369',
    latest_amendment_number: '0',
    latest_amendment_date: null,
    agreement_type: 'G',
    agreement_number: '',
    latest_value: '1400000.00',
    foreign_currency_type: '',
    foreign_currency_value: null,
    agreement_start_date: 2019-07-01T04:00:00.000Z,
    agreement_end_date: 2026-06-30T04:00:00.000Z,
    agreement_title_en: 'CANADA RESEARCH CHAIRS',
    description_en: 'The Canada Research Chairs Program (CRCP) aims to enable Canadian universities to foster research excellence and to enhance their role in the global, knowledge-based economy as world-class centres of research excellence; to provide targeted resources to help attract and retain a cadre of world class researchers to reinforce academic research excellence in Canadian universities; and to support internationally competitive research and research capacity that generates social, economic and cultural benefits for Canada.',
    expected_results_en: 'The Canada Research Chairs Program (CRCP) aims to enable Canadian universities to foster research excellence and to enhance their role in the global, knowledge-based economy as world-class centres of research excellence; to provide targeted resources to help attract and retain a cadre of world class researchers to reinforce academic research excellence in Canadian universities; and to support internationally competitive research and research capacity that generates social, economic and cultural benefits for Canada.',
    legal_name: 'Goldberg, Ian',
    research_organization_name: 'University of Waterloo',
    institute_id: 208,
    recipient_id: 6173,
    city: 'CAMBRIDGE',
    province: 'ON',
    country: 'CA',
    org: 'SSHRC',
    owner_org: 'sshrc-crsh',
    owner_org_title: 'Social Sciences and Humanities Research Council of Canada | Conseil de recherches en sciences humain',
    prog_id: 'PROG_d4cda8ad',
    name_en: 'Insight research',
    amendments_history: [ [Object] ],
    agreement_value: '1400000.00',
    amendment_number: '0',
    amendment_date: null
  },
  {
    ref_number: '207-2019-2020-Q1-02178',
    latest_amendment_number: '0',
    latest_amendment_date: null,
    agreement_type: 'G',
    agreement_number: '',
    latest_value: '1400000.00',
    foreign_currency_type: '',
    foreign_currency_value: null,
    agreement_start_date: 2019-05-01T04:00:00.000Z,
    agreement_end_date: 2026-04-30T04:00:00.000Z,
    agreement_title_en: 'Canada Research Chairs',
    description_en: 'The Canada Research Chairs Program (CRCP) aims to enable Canadian universities to foster research excellence and to enhance their role in the global, knowledge-based economy as world-class centres of research excellence; to provide targeted resources to help attract and retain a cadre of world class researchers to reinforce academic research excellence in Canadian universities; and to support internationally competitive research and research capacity that generates social, economic and cultural benefits for Canada.',
    expected_results_en: 'This program provides grants to researchers and institutions to support research and related activities in the social sciences and humanities. This program builds knowledge and understanding about people, societies and the world, as well as informs the search for solutions to societal challenges.',
    legal_name: 'Callaghan, Jack',
    research_organization_name: 'University of Waterloo',
    institute_id: 208,
    recipient_id: 2375,
    city: 'CAMBRIDGE',
    province: 'ON',
    country: 'CA',
    org: 'SSHRC',
    owner_org: 'sshrc-crsh',
    owner_org_title: 'Social Sciences and Humanities Research Council of Canada | Conseil de recherches en sciences humain',
    prog_id: 'PROG_d4cda8ad',
    name_en: 'Insight research',
    amendments_history: [ [Object] ],
    agreement_value: '1400000.00',
    amendment_number: '0',
    amendment_date: null
  },
  {
    ref_number: '207-2019-2020-Q1-10178',
    latest_amendment_number: '0',
    latest_amendment_date: null,
    agreement_type: 'G',
    agreement_number: '',
    latest_value: '1305532.00',
    foreign_currency_type: '',
    foreign_currency_value: null,
    agreement_start_date: 2019-04-01T04:00:00.000Z,
    agreement_end_date: 2020-03-31T04:00:00.000Z,
    agreement_title_en: 'Research Support Fund',
    description_en: 'The Research Support Fund (RSF) helps universities, colleges and their affiliated research hospitals and institutes sustain and maintain a research environment which will enable them to make optimal use of the federal investment in academic research provided through the three federal granting agencies.',
    expected_results_en: 'This program provides support to institutions in the form of grants in the social sciences and humanities, natural sciences and engineering, and health. This program builds institutional capacity by offsetting the central and departmental administrative costs that institutions incur in supporting research, which are not attributable to specific research projects.',
    legal_name: 'University of Waterloo',
    research_organization_name: 'University of Waterloo',
    institute_id: 208,
    recipient_id: 16579,
    city: 'CAMBRIDGE',
    province: 'ON',
    country: 'CA',
    org: 'SSHRC',
    owner_org: 'sshrc-crsh',
    owner_org_title: 'Social Sciences and Humanities Research Council of Canada | Conseil de recherches en sciences humain',
    prog_id: 'PROG_3808c4f9',
    name_en: 'Research Support Fund',
    amendments_history: [ [Object] ],
    agreement_value: '1305532.00',
    amendment_number: '0',
    amendment_date: null
  },
  {
    ref_number: '236-2019-2020-Q3-00489',
    latest_amendment_number: '1',
    latest_amendment_date: 2020-09-30T04:00:00.000Z,
    agreement_type: 'G',
    agreement_number: '150975',
    latest_value: '1284677.00',
    foreign_currency_type: '',
    foreign_currency_value: null,
    agreement_start_date: 2019-10-01T04:00:00.000Z,
    agreement_end_date: 2024-09-30T04:00:00.000Z,
    agreement_title_en: 'Project Grant',
    description_en: 'Support a diverse portfolio of health-related research and knowledge translation projects at any stage, from discovery to application, including commercialization; Promote relevant collaborations across disciplines, professions, and sectors;\n' +
      'Contribute to the creation and use of health-related knowledge.',
    expected_results_en: 'This program provides funding to conduct research in any area related to health aimed at the discovery and application of knowledge. Funding is provided to researchers and academic organizations to conduct research, translate knowledge, and build capacity through research training and salaries. Applicants identify and propose the nature and scope of the research and compete for support by demonstrating excellence and the potential impact the research will have on health systems and/or health outcomes.',
    legal_name: 'Giangregorio, Lora Marie',
    research_organization_name: 'University of Waterloo (Ontario)',
    institute_id: 47,
    recipient_id: 5987,
    city: 'Waterloo',
    province: 'ON',
    country: 'CA',
    org: 'CIHR',
    owner_org: 'cihr-irsc',
    owner_org_title: 'Canadian Institutes of Health Research | Instituts de recherche en sant√© du Canada',
    prog_id: 'PROG_988b71b1',
    name_en: 'Investigator-Initiated Research',
    amendments_history: [ [Object], [Object] ],
    agreement_value: '1284677.00',
    amendment_number: '1',
    amendment_date: 2020-09-30T04:00:00.000Z
  },
  {
    ref_number: '110_2019_2020_Q1_3271',
    latest_amendment_number: '0',
    latest_amendment_date: null,
    agreement_type: 'G',
    agreement_number: '110_2019_2020_Q1_3271',
    latest_value: '1000000.00',
    foreign_currency_type: '',
    foreign_currency_value: null,
    agreement_start_date: 2019-04-01T04:00:00.000Z,
    agreement_end_date: 2024-03-31T04:00:00.000Z,
    agreement_title_en: 'Industrial Research Chairs',
    description_en: 'The Industrial Research Chairs (IRC) are intended to assist universities in building on existing strengths to achieve the critical mass required for a major research endeavour in natural sciences and engineering of interest to industry; and/or assist in the development of research efforts in fields that have not yet been developed in Canadian universities but for which there is an important industrial need; and provide an enhanced training environment for graduate students and, where appropriate, postdoctoral fellows by exposing them to research challenges unique to industry and the opportunity for significant ongoing interactions with the industrial partner(s).',
    expected_results_en: 'This program supports research partnerships between postsecondary researchers and businesses to bring new products and services closer to market. The program enhances the investments businesses make in research by adding value and supporting innovation on the path from ideas to commercialization. These partnerships also allow firms to access the knowledge base supported through the Discovery Research program.',
    legal_name: 'Giesbrecht, Mark',
    research_organization_name: 'University of Waterloo',
    institute_id: 208,
    recipient_id: 6016,
    city: 'CAMBRIDGE',
    province: 'ON',
    country: 'CA',
    org: 'NSERC',
    owner_org: 'nserc-crsng',
    owner_org_title: 'Natural Sciences and Engineering Research Council of Canada | Conseil de recherches en sciences natu',
    prog_id: 'PROG_c4a10fbf',
    name_en: 'Research Partnerships',
    amendments_history: [ [Object] ],
    agreement_value: '1000000.00',
    amendment_number: '0',
    amendment_date: null
  },
  {
    ref_number: '110_2018_2019_Q4_1762',
    latest_amendment_number: '3',
    latest_amendment_date: 2021-10-31T04:00:00.000Z,
    agreement_type: 'G',
    agreement_number: '110_2018_2019_Q4_1762',
    latest_value: '943077.00',
    foreign_currency_type: '',
    foreign_currency_value: null,
    agreement_start_date: 2019-01-01T05:00:00.000Z,
    agreement_end_date: 2022-12-31T05:00:00.000Z,
    agreement_title_en: 'Collaborative Research and Development Grants',
    description_en: 'The Collaborative Research and Development (CRD) Grants are intended to give companies that operate from a Canadian base access to the unique knowledge, expertise, and educational resources available at Canadian postsecondary institutions and to train students in essential technical skills required by industry. The mutually beneficial collaborations are expected to result in industrial and/or economic benefits to Canada.',
    expected_results_en: 'This program supports research partnerships between postsecondary researchers and businesses to bring new products and services closer to market. The program enhances the investments businesses make in research by adding value and supporting innovation on the path from ideas to commercialization. These partnerships also allow firms to access the knowledge base supported through the Discovery Research program.',
    legal_name: 'Hall, Roland',
    research_organization_name: 'University of Waterloo',
    institute_id: 208,
    recipient_id: 6699,
    city: 'CAMBRIDGE',
    province: 'ON',
    country: 'CA',
    org: 'NSERC',
    owner_org: 'nserc-crsng',
    owner_org_title: 'Natural Sciences and Engineering Research Council of Canada | Conseil de recherches en sciences natu',
    prog_id: 'PROG_c4a10fbf',
    name_en: 'Research Partnerships',
    amendments_history: [ [Object], [Object], [Object], [Object] ],
    agreement_value: '943077.00',
    amendment_number: '3',
    amendment_date: 2021-10-31T04:00:00.000Z
  },
  {
    ref_number: '236-2019-2020-Q3-00327',
    latest_amendment_number: '1',
    latest_amendment_date: 2020-09-30T04:00:00.000Z,
    agreement_type: 'G',
    agreement_number: '151086',
    latest_value: '937149.00',
    foreign_currency_type: '',
    foreign_currency_value: null,
    agreement_start_date: 2019-10-01T04:00:00.000Z,
    agreement_end_date: 2024-09-30T04:00:00.000Z,
    agreement_title_en: 'Project Grant',
    description_en: 'Support a diverse portfolio of health-related research and knowledge translation projects at any stage, from discovery to application, including commercialization; Promote relevant collaborations across disciplines, professions, and sectors;\n' +
      'Contribute to the creation and use of health-related knowledge.',
    expected_results_en: 'This program provides funding to conduct research in any area related to health aimed at the discovery and application of knowledge. Funding is provided to researchers and academic organizations to conduct research, translate knowledge, and build capacity through research training and salaries. Applicants identify and propose the nature and scope of the research and compete for support by demonstrating excellence and the potential impact the research will have on health systems and/or health outcomes.',
    legal_name: 'Ho, Emmanuel',
    research_organization_name: 'University of Waterloo (Ontario)',
    institute_id: 47,
    recipient_id: 7216,
    city: 'Waterloo',
    province: 'ON',
    country: 'CA',
    org: 'CIHR',
    owner_org: 'cihr-irsc',
    owner_org_title: 'Canadian Institutes of Health Research | Instituts de recherche en sant√© du Canada',
    prog_id: 'PROG_988b71b1',
    name_en: 'Investigator-Initiated Research',
    amendments_history: [ [Object], [Object] ],
    agreement_value: '937149.00',
    amendment_number: '1',
    amendment_date: 2020-09-30T04:00:00.000Z
  },
  {
    ref_number: '236-2019-2020-Q3-00107',
    latest_amendment_number: '1',
    latest_amendment_date: 2020-09-30T04:00:00.000Z,
    agreement_type: 'G',
    agreement_number: '150744',
    latest_value: '929339.00',
    foreign_currency_type: '',
    foreign_currency_value: null,
    agreement_start_date: 2019-10-01T04:00:00.000Z,
    agreement_end_date: 2024-09-30T04:00:00.000Z,
    agreement_title_en: 'Project Grant',
    description_en: 'Support a diverse portfolio of health-related research and knowledge translation projects at any stage, from discovery to application, including commercialization; Promote relevant collaborations across disciplines, professions, and sectors;\n' +
      'Contribute to the creation and use of health-related knowledge.',
    expected_results_en: 'This program provides funding to conduct research in any area related to health aimed at the discovery and application of knowledge. Funding is provided to researchers and academic organizations to conduct research, translate knowledge, and build capacity through research training and salaries. Applicants identify and propose the nature and scope of the research and compete for support by demonstrating excellence and the potential impact the research will have on health systems and/or health outcomes.',
    legal_name: 'Lu, Qing-Bin',
    research_organization_name: 'University of Waterloo (Ontario)',
    institute_id: 47,
    recipient_id: 10091,
    city: 'Waterloo',
    province: 'ON',
    country: 'CA',
    org: 'CIHR',
    owner_org: 'cihr-irsc',
    owner_org_title: 'Canadian Institutes of Health Research | Instituts de recherche en sant√© du Canada',
    prog_id: 'PROG_988b71b1',
    name_en: 'Investigator-Initiated Research',
    amendments_history: [ [Object], [Object] ],
    agreement_value: '929339.00',
    amendment_number: '1',
    amendment_date: 2020-09-30T04:00:00.000Z
  },
  {
    ref_number: '110_2019_2020_Q1_3415',
    latest_amendment_number: '3',
    latest_amendment_date: 2021-10-31T04:00:00.000Z,
    agreement_type: 'G',
    agreement_number: '110_2019_2020_Q1_3415',
    latest_value: '747617.00',
    foreign_currency_type: '',
    foreign_currency_value: null,
    agreement_start_date: 2019-05-01T04:00:00.000Z,
    agreement_end_date: 2023-04-30T04:00:00.000Z,
    agreement_title_en: 'Collaborative Research and Development Grants',
    description_en: 'The Collaborative Research and Development (CRD) Grants are intended to give companies that operate from a Canadian base access to the unique knowledge, expertise, and educational resources available at Canadian postsecondary institutions and to train students in essential technical skills required by industry. The mutually beneficial collaborations are expected to result in industrial and/or economic benefits to Canada.',
    expected_results_en: 'This program supports research partnerships between postsecondary researchers and businesses to bring new products and services closer to market. The program enhances the investments businesses make in research by adding value and supporting innovation on the path from ideas to commercialization. These partnerships also allow firms to access the knowledge base supported through the Discovery Research program.',
    legal_name: 'Cronin, Duane',
    research_organization_name: 'University of Waterloo',
    institute_id: 208,
    recipient_id: 3600,
    city: 'CAMBRIDGE',
    province: 'ON',
    country: 'CA',
    org: 'NSERC',
    owner_org: 'nserc-crsng',
    owner_org_title: 'Natural Sciences and Engineering Research Council of Canada | Conseil de recherches en sciences natu',
    prog_id: 'PROG_c4a10fbf',
    name_en: 'Research Partnerships',
    amendments_history: [ [Object], [Object], [Object], [Object] ],
    agreement_value: '747617.00',
    amendment_number: '3',
    amendment_date: 2021-10-31T04:00:00.000Z
  },
  {
    ref_number: '110_2019_2020_Q1_777',
    latest_amendment_number: '4',
    latest_amendment_date: 2024-10-31T04:00:00.000Z,
    agreement_type: 'G',
    agreement_number: '110_2019_2020_Q1_777',
    latest_value: '660000.00',
    foreign_currency_type: '',
    foreign_currency_value: null,
    agreement_start_date: 2019-04-01T04:00:00.000Z,
    agreement_end_date: 2026-03-31T04:00:00.000Z,
    agreement_title_en: 'Discovery Grants Program - Individual',
    description_en: 'The Discovery Grants Program assists in promoting and maintaining a diversified base of high-quality research capability in the natural sciences and engineering in Canadian universities; fostering research excellence; and providing a stimulating environment for research training.',
    expected_results_en: 'This program provides grants to researchers and universities to maintain a diverse and competitive research base in Canada and support global excellence and leadership in discovery research. The creation and advancement of knowledge generated by these grants is necessary to fuel a strong, globally competitive research and innovation system in Canada. Funding allows researchers the freedom to explore and be less risk averse, train students in the art of creative and critical thinking for tomorrow‚Äôs challenges, support research salaries, purchase or develop research equipment, and facilitate national and international research collaboration.',
    legal_name: 'Shen, Xuemin',
    research_organization_name: 'University of Waterloo',
    institute_id: 208,
    recipient_id: 14875,
    city: 'CAMBRIDGE',
    province: 'ON',
    country: 'CA',
    org: 'NSERC',
    owner_org: 'nserc-crsng',
    owner_org_title: 'Natural Sciences and Engineering Research Council of Canada | Conseil de recherches en sciences natu',
    prog_id: 'PROG_7d0d5fd0',
    name_en: 'Discovery Research',
    amendments_history: [ [Object], [Object], [Object], [Object], [Object] ],
    agreement_value: '660000.00',
    amendment_number: '4',
    amendment_date: 2024-10-31T04:00:00.000Z
  },
  {
    ref_number: '110_2019_2020_Q1_778',
    latest_amendment_number: '4',
    latest_amendment_date: 2024-06-30T04:00:00.000Z,
    agreement_type: 'G',
    agreement_number: '110_2019_2020_Q1_778',
    latest_value: '640710.00',
    foreign_currency_type: '',
    foreign_currency_value: null,
    agreement_start_date: 2019-04-01T04:00:00.000Z,
    agreement_end_date: 2026-03-31T04:00:00.000Z,
    agreement_title_en: 'Discovery Grants Program - Individual',
    description_en: 'The Discovery Grants Program assists in promoting and maintaining a diversified base of high-quality research capability in the natural sciences and engineering in Canadian universities; fostering research excellence; and providing a stimulating environment for research training.',
    expected_results_en: 'This program provides grants to researchers and universities to maintain a diverse and competitive research base in Canada and support global excellence and leadership in discovery research. The creation and advancement of knowledge generated by these grants is necessary to fuel a strong, globally competitive research and innovation system in Canada. Funding allows researchers the freedom to explore and be less risk averse, train students in the art of creative and critical thinking for tomorrow‚Äôs challenges, support research salaries, purchase or develop research equipment, and facilitate national and international research collaboration.',
    legal_name: 'Smilek, Daniel',
    research_organization_name: 'University of Waterloo',
    institute_id: 208,
    recipient_id: 15212,
    city: 'CAMBRIDGE',
    province: 'ON',
    country: 'CA',
    org: 'NSERC',
    owner_org: 'nserc-crsng',
    owner_org_title: 'Natural Sciences and Engineering Research Council of Canada | Conseil de recherches en sciences natu',
    prog_id: 'PROG_7d0d5fd0',
    name_en: 'Discovery Research',
    amendments_history: [ [Object], [Object], [Object], [Object], [Object] ],
    agreement_value: '640710.00',
    amendment_number: '4',
    amendment_date: 2024-06-30T04:00:00.000Z
  },
  {
    ref_number: '110_2018_2019_Q4_1236',
    latest_amendment_number: '2',
    latest_amendment_date: 2023-04-28T04:00:00.000Z,
    agreement_type: 'G',
    agreement_number: '110_2018_2019_Q4_1236',
    latest_value: '635712.00',
    foreign_currency_type: '',
    foreign_currency_value: null,
    agreement_start_date: 2019-01-15T05:00:00.000Z,
    agreement_end_date: 2025-01-14T05:00:00.000Z,
    agreement_title_en: 'Collaborative Research and Development Grants',
    description_en: 'The Collaborative Research and Development (CRD) Grants are intended to give companies that operate from a Canadian base access to the unique knowledge, expertise, and educational resources available at Canadian postsecondary institutions and to train students in essential technical skills required by industry. The mutually beneficial collaborations are expected to result in industrial and/or economic benefits to Canada.',
    expected_results_en: 'This program supports research partnerships between postsecondary researchers and businesses to bring new products and services closer to market. The program enhances the investments businesses make in research by adding value and supporting innovation on the path from ideas to commercialization. These partnerships also allow firms to access the knowledge base supported through the Discovery Research program.',
    legal_name: 'Mitran, Patrick',
    research_organization_name: 'University of Waterloo',
    institute_id: 208,
    recipient_id: 11438,
    city: 'CAMBRIDGE',
    province: 'ON',
    country: 'CA',
    org: 'NSERC',
    owner_org: 'nserc-crsng',
    owner_org_title: 'Natural Sciences and Engineering Research Council of Canada | Conseil de recherches en sciences natu',
    prog_id: 'PROG_c4a10fbf',
    name_en: 'Research Partnerships',
    amendments_history: [ [Object], [Object], [Object] ],
    agreement_value: '635712.00',
    amendment_number: '2',
    amendment_date: 2023-04-28T04:00:00.000Z
  }
]
