+---------+---------------------+-------------+--------------------------------------------------------------+---------------------+
| user_id | email               | name        | password_hash                                                | created_at          |
+---------+---------------------+-------------+--------------------------------------------------------------+---------------------+
|       2 | janedoe@gmail.com   | Jane Doe    | $2b$10$wRAzpACwdmXK3hVrQFkJFe1WIm.Ext5XTU/Yq3ah640vP16YMr3J2 | 2025-03-14 23:50:49 |
+---------+---------------------+-------------+--------------------------------------------------------------+---------------------+