+---------+---------------------+-------------+--------------------------------------------------------------+---------------------+
| user_id | email               | name        | password_hash                                                | created_at          |
+---------+---------------------+-------------+--------------------------------------------------------------+---------------------+
|       2 | janedoe@outlook.com | Jane Miller | $2b$10$997MvPKnEWypeDoYi7cqh.RuQee5G7x28iQkcWsSxNU5VfAIIXrxS | 2025-03-14 23:43:14 |
+---------+---------------------+-------------+--------------------------------------------------------------+---------------------+
