+---------+---------------------+-------------+--------------------------------------------------------------+-----------------------+-------+
|history_id | user_id |search_recipient | search_grant | search_institution     | search_filters | search_time         | result_count | saved |
+---------+---------------------+-------------+--------------------------------------------------------------+-----------------------+-------+
|       240 |       5 | professor       | scholarship  |                   NULL |           NULL | 2025-03-14 20:50:49 |          300 | false |
+-----------+---------------------+-------------+--------------------------------------------------------------+-----------------------+-------+

Query OK, 1 row affected (0.10 sec)

Empty set (0.00 sec)
