+---------+---------------------+-------------+--------------------------------------------------------------+-----------------------+-------+
|history_id| user_id |search_recipient | search_grant | search_institution     | search_filters | search_time         | result_count | saved |
+---------+---------------------+-------------+--------------------------------------------------------------+-----------------------+-------+
|       23 |       5 | NULL            | scholarship  | University of Waterloo |           NULL | 2025-02-14 23:50:49 |           10 | false |
+---------+---------------------+-------------+--------------------------------------------------------------+-----------------------+-------+
|       24 |       5 | NULL            | masters      | University of Waterloo |           NULL | 2025-02-14 23:55:49 |           5  | true  |
+---------+---------------------+-------------+--------------------------------------------------------------+-----------------------+-------+
|       25 |       5 | NULL            | research     | University of Waterloo |           NULL | 2025-02-14 23:57:49 |           3  | false |
+---------+---------------------+-------------+--------------------------------------------------------------+-----------------------+-------+

Query OK, 1 row affected (0.10 sec)

+---------+---------------------+-------------+--------------------------------------------------------------+-----------------------+-------+
|history_id| user_id |search_recipient | search_grant | search_institution     | search_filters | search_time         | result_count | saved |
+---------+---------------------+-------------+--------------------------------------------------------------+-----------------------+-------+
|       23 |       5 | NULL            | scholarship  | University of Waterloo |           NULL | 2025-02-14 23:50:49 |           10 | false |
+---------+---------------------+-------------+--------------------------------------------------------------+-----------------------+-------+
|       25 |       5 | NULL            | research     | University of Waterloo |           NULL | 2025-02-14 23:57:49 |           3  | false |
+---------+---------------------+-------------+--------------------------------------------------------------+-----------------------+-------+

