+----------+-----------------------+-------------------------+----------------+-----------------------+-----------------+-----------------------+------------------------+----------------------+--------------------+----------------------------------------------------------+------------------------------------------------------------------------------------------------------------------------------------------------------------------------------------------------------------------------------------------------------------------------------------------------------------------------------------------------------------------------------------------------------------------------------------------------------------------------------------------------------------------------------+---------------------------------------------------------------------------------------------------------------------------------------------------------------------------------------------------------------------------------------------------------------------------------------------------------------------------------------------------------------------------------------------------------------------------------------------------------------------------------------------------------------------------------------------------------------------------------------------------------------------------------------------------------------------------+-----------------------------------------------------------------------------+---------------------------------------+---------------------------------------+--------------+--------------+----------+----------+---------+-------+------------------------------------------------------------------------------------------------------+---------+--------------------------------------------------+--------------------------------------------------------------------------------------------------------------------------------------------------------------------------------------------------------------------------------------------------------------------------------------------------------------------------------------------------------------------------------------------------------------------------------------------------------------------------------------------------------------------------------------------------+-------------------------------------------------------------------------------------------------------------------------------------------------------------------------------------------------------------------------------------------------------------------------------------------------------------------------------------------------------+
| grant_id | ref_number            | latest_amendment_number | amendment_date | agreement_number      | agreement_value | foreign_currency_type | foreign_currency_value | agreement_start_date | agreement_end_date | agreement_title_en                                       | description_en                                                                                                                                                                                                                                                                                                                                                                                                                                                                                                               | expected_results_en                                                                                                                                                                                                                                                                                                                                                                                                                                                                                                                                                                                                                                                       | additional_information_en                                                   | legal_name                            | research_organization_name            | institute_id | recipient_id | city     | province | country | org   | org_title                                                                                            | prog_id | prog_title_en                                    | prog_purpose_en                                                                                                                                                                                                                                                                                                                                                                                                                                                                                                                                  | amendments_history                                                                                                                                                                                                                                                                                                                                    |
+----------+-----------------------+-------------------------+----------------+-----------------------+-----------------+-----------------------+------------------------+----------------------+--------------------+----------------------------------------------------------+------------------------------------------------------------------------------------------------------------------------------------------------------------------------------------------------------------------------------------------------------------------------------------------------------------------------------------------------------------------------------------------------------------------------------------------------------------------------------------------------------------------------------+---------------------------------------------------------------------------------------------------------------------------------------------------------------------------------------------------------------------------------------------------------------------------------------------------------------------------------------------------------------------------------------------------------------------------------------------------------------------------------------------------------------------------------------------------------------------------------------------------------------------------------------------------------------------------+-----------------------------------------------------------------------------+---------------------------------------+---------------------------------------+--------------+--------------+----------+----------+---------+-------+------------------------------------------------------------------------------------------------------+---------+--------------------------------------------------+--------------------------------------------------------------------------------------------------------------------------------------------------------------------------------------------------------------------------------------------------------------------------------------------------------------------------------------------------------------------------------------------------------------------------------------------------------------------------------------------------------------------------------------------------+-------------------------------------------------------------------------------------------------------------------------------------------------------------------------------------------------------------------------------------------------------------------------------------------------------------------------------------------------------+
|     6401 | GC-2017-Q4-00806      |                    NULL | NULL           | URU                   |         4500.00 |                       |                   0.00 | 2018-02-15           | NULL               | Cathode of an aqueous battery                            |                                                                                                                                                                                                                                                                                                                                                                                                                                                                                                                              |                                                                                                                                                                                                                                                                                                                                                                                                                                                                                                                                                                                                                                                                           | Grant or Award spanning more than one fiscal year (2017-2018 to 2018-2019). | Huang, Allan                          | University of Waterloo                |         1359 |        33878 | Ontario  |          | CA      | NSERC | Natural Sciences and Engineering Research Council of Canada | Conseil de recherches en sciences natu |    3091 | University Undergraduate Student Research Awards |                                                                                                                                                                                                                                                                                                                                                                                                                                                                                                                                                  | NULL                                                                                                                                                                                                                                                                                                                                                  |
|     6578 | GC-2017-Q2-01308      |                    NULL | NULL           | URU                   |         4500.00 |                       |                   0.00 | 2017-08-10           | NULL               | Concussion Evalution through VR Simulators               |                                                                                                                                                                                                                                                                                                                                                                                                                                                                                                                              |                                                                                                                                                                                                                                                                                                                                                                                                                                                                                                                                                                                                                                                                           | Grant or Award spanning more than one fiscal year (2017-2018 to 2018-2019). | Huang, Elaine                         | University of Waterloo                |         1359 |        27097 | Ontario  |          | CA      | NSERC | Natural Sciences and Engineering Research Council of Canada | Conseil de recherches en sciences natu |    3091 | University Undergraduate Student Research Awards |                                                                                                                                                                                                                                                                                                                                                                                                                                                                                                                                                  | NULL                                                                                                                                                                                                                                                                                                                                                  |
|     6648 | GC-2017-Q2-01238      |                    NULL | NULL           | URU                   |         4500.00 |                       |                   0.00 | 2017-08-10           | NULL               | Combinatorial limit theorems                             |                                                                                                                                                                                                                                                                                                                                                                                                                                                                                                                              |                                                                                                                                                                                                                                                                                                                                                                                                                                                                                                                                                                                                                                                                           | Grant or Award spanning more than one fiscal year (2017-2018 to 2018-2019). | Huang, Simon                          | University of Waterloo                |         1359 |        27027 | Ontario  |          | CA      | NSERC | Natural Sciences and Engineering Research Council of Canada | Conseil de recherches en sciences natu |    3091 | University Undergraduate Student Research Awards |                                                                                                                                                                                                                                                                                                                                                                                                                                                                                                                                                  | NULL                                                                                                                                                                                                                                                                                                                                                  |
|     5572 | 110_2018_2019_Q2_4705 |                    NULL | NULL           | 110_2018_2019_Q2_4705 |         4500.00 |                       |                   0.00 | 2018-05-01           | 2018-08-31         | University Undergraduate Student Research Awards         | The Undergraduate Student Research Awards (USRA) are meant to nurture the interest of the students and fully develop their potential for a research career in the natural sciences and engineering. They are also meant to encourage students to undertake graduate studies in these fields. Students who would like to gain research experience in an academic setting, these awards can provide financial support through the hosting university. NSERC encourages qualified Aboriginal students to apply to this program. | The Undergraduate Student Research Awards (USRA) are meant to nurture the interest of the students and fully develop their potential for a research career in the natural sciences and engineering. They are also meant to encourage students to undertake graduate studies in these fields. Students who would like to gain research experience in an academic setting, these awards can provide financial support through the hosting university. NSERC encourages qualified Aboriginal students to apply to this program.                                                                                                                                              |                                                                             | Huang, Simon                          | University of Waterloo                |           14 |         7644 | Waterloo | ON       | CA      | NSERC | Natural Sciences and Engineering Research Council of Canada | Conseil de recherches en sciences natu |      12 | Research Training and Talent Development         | This program attracts and retains the best and brightest by recognizing and providing support to research talent at varying career stages, including funding for graduate or postgraduate level research and recognition of achievements through awards and prizes.                                                                                                                                                                                                                                                                              | NULL                                                                                                                                                                                                                                                                                                                                                  |
|     5749 | 110_2018_2019_Q1_4032 |                       2 | 2022-10-31     | 110_2018_2019_Q1_4032 |       659586.00 |                       |                   0.00 | 2018-04-01           | 2024-03-31         | Discovery Grants Program - Individual                    | The Discovery Grants Program assists in promoting and maintaining a diversified base of high-quality research capability in the natural sciences and engineering in Canadian universities; fostering research excellence; and providing a stimulating environment for research training.                                                                                                                                                                                                                                     | This program provides grants to researchers and universities to maintain a diverse and competitive research base in Canada and support global excellence and leadership in discovery research. The creation and advancement of knowledge generated by these grants is necessary to fuel a strong, globally competitive research and innovation system in Canada. Funding allows researchers the freedom to explore and be less risk averse, train students in the art of creative and critical thinking for tomorrow’s challenges, support research salaries, purchase or develop research equipment, and facilitate national and international research collaboration.   | End Date was modified. Amount was modified.                                 | Zhuang, Weihua                        | University of Waterloo                |           14 |         3133 | Waterloo | ON       | CA      | NSERC | Natural Sciences and Engineering Research Council of Canada | Conseil de recherches en sciences natu |       8 | Discovery Research                               | This program provides grants, scholarships and fellowships to attract, retain and develop the next generation of scientists and engineers, as well as to promote science to Canadian youth to encourage an early interest in science. The student support provi                                                                                                                                                                                                                                                                                  | [{"amendment_date": "2019-03-01", "agreement_value": 549655.0, "amendment_number": 1, "agreement_end_date": "2023-03-31", "agreement_start_date": "2018-04-01", "additional_information_en": "Amount was modified."}, {"agreement_value": 440000.0, "amendment_number": 0, "agreement_end_date": "2023-03-31", "agreement_start_date": "2018-04-01"}] |
|     5110 | GC-2017-Q1-01097      |                    NULL | NULL           | 950                   |      1400000.00 |                       |                   0.00 | 2017-05-01           | NULL               | Canada Research Chair in Wireless Communication Networks |                                                                                                                                                                                                                                                                                                                                                                                                                                                                                                                              |                                                                                                                                                                                                                                                                                                                                                                                                                                                                                                                                                                                                                                                                           | Grant or Award spanning more than one fiscal year: 7 years   NSERC - Tier 1   | Zhuang, Weihua
University of Waterloo | Zhuang, Weihua
University of Waterloo |         1714 |        22339 | Ontario  |          | CA      | SSHRC | Social Sciences and Humanities Research Council of Canada | Conseil de recherches en sciences humain |     499 | Canada Research Chairs                           | The CRCP invests approximately $265 million per year to attract and retain some of the world's most accomplished and promising minds.
Chairholders aim to achieve research excellence in engineering and the natural sciences, health sciences, humanities, and social sciences. They improve our depth of knowledge and quality of life, strengthen Canada's international competitiveness, and help train the next generation of highly skilled people through student supervision, teaching, and the coordination of other researchers' work. | NULL                                                                                                                                                                                                                                                                                                                                                  |
+----------+-----------------------+-------------------------+----------------+-----------------------+-----------------+-----------------------+------------------------+----------------------+--------------------+----------------------------------------------------------+------------------------------------------------------------------------------------------------------------------------------------------------------------------------------------------------------------------------------------------------------------------------------------------------------------------------------------------------------------------------------------------------------------------------------------------------------------------------------------------------------------------------------+---------------------------------------------------------------------------------------------------------------------------------------------------------------------------------------------------------------------------------------------------------------------------------------------------------------------------------------------------------------------------------------------------------------------------------------------------------------------------------------------------------------------------------------------------------------------------------------------------------------------------------------------------------------------------+-----------------------------------------------------------------------------+---------------------------------------+---------------------------------------+--------------+--------------+----------+----------+---------+-------+------------------------------------------------------------------------------------------------------+---------+--------------------------------------------------+--------------------------------------------------------------------------------------------------------------------------------------------------------------------------------------------------------------------------------------------------------------------------------------------------------------------------------------------------------------------------------------------------------------------------------------------------------------------------------------------------------------------------------------------------+-------------------------------------------------------------------------------------------------------------------------------------------------------------------------------------------------------------------------------------------------------------------------------------------------------------------------------------------------------+