+--------------+-------------------------+---------+----------+---------+-------------+----------------+---------------+------------------+--------------+---------------+-------------+------------------+-------------------+------------------------+---------------+
| institute_id | name                    | country | province | city    | postal_code | riding_name_en | riding_number | total_recipients | total_grants | total_funding | avg_funding | first_grant_date | latest_grant_date | funding_agencies_count | is_bookmarked |
+--------------+-------------------------+---------+----------+---------+-------------+----------------+---------------+------------------+--------------+---------------+-------------+------------------+-------------------+------------------------+---------------+
|         2510 | DeepSubconscious.ai Inc | CA      |          | Ontario |             |                |               |                1 |            1 |       4218.75 | 4218.750000 | 2018-01-10       | 2018-01-10        |                      1 |             0 |
+--------------+-------------------------+---------+----------+---------+-------------+----------------+---------------+------------------+--------------+---------------+-------------+------------------+-------------------+------------------------+---------------+
1 row in set (0.00 sec)

+--------------+------------+--------------+------+--------------+---------------+------------------+-------------------+---------------+
| recipient_id | legal_name | institute_id | type | grants_count | total_funding | first_grant_date | latest_grant_date | is_bookmarked |
+--------------+------------+--------------+------+--------------+---------------+------------------+-------------------+---------------+
|        35157 | Zeng, Yusi |         2510 |      |            1 |       4218.75 | 2018-01-10       | 2018-01-10        |             0 |
+--------------+------------+--------------+------+--------------+---------------+------------------+-------------------+---------------+
1 row in set (0.00 sec)

+----------+------------------+-------------------------+----------------+------------------+-----------------+-----------------------+------------------------+----------------------+--------------------+--------------------------------------------------------------+----------------+---------------------+-----------------------------------------------------------------------------+-------+--------------+---------+--------------------+----------------+-------+------------------------------------------------------------------------------------------------------+----------------------------------------------------------+-----------------+---------------+
| grant_id | ref_number       | latest_amendment_number | amendment_date | agreement_number | agreement_value | foreign_currency_type | foreign_currency_value | agreement_start_date | agreement_end_date | agreement_title_en                                           | description_en | expected_results_en | additional_information_en                                                   | org   | recipient_id | prog_id | amendments_history | recipient_name | org   | org_title                                                                                            | prog_title_en                                            | prog_purpose_en | is_bookmarked |
+----------+------------------+-------------------------+----------------+------------------+-----------------+-----------------------+------------------------+----------------------+--------------------+--------------------------------------------------------------+----------------+---------------------+-----------------------------------------------------------------------------+-------+--------------+---------+--------------------+----------------+-------+------------------------------------------------------------------------------------------------------+----------------------------------------------------------+-----------------+---------------+
|     3742 | GC-2017-Q4-01976 |                    NULL | NULL           | USRAI            |         4218.75 |                       |                   0.00 | 2018-01-10           | NULL               | DeepSubconscious.ai artificial intelligence research project |                |                     | Grant or Award spanning more than one fiscal year (2017-2018 to 2018-2019). | NSERC |        35157 |    3835 | NULL               | Zeng, Yusi     | NSERC | Natural Sciences and Engineering Research Council of Canada | Conseil de recherches en sciences natu | Industrial Undergraduate Student Research Awards Program |                 |             0 |
+----------+------------------+-------------------------+----------------+------------------+-----------------+-----------------------+------------------------+----------------------+--------------------+--------------------------------------------------------------+----------------+---------------------+-----------------------------------------------------------------------------+-------+--------------+---------+--------------------+----------------+-------+------------------------------------------------------------------------------------------------------+----------------------------------------------------------+-----------------+---------------+
1 row in set (0.00 sec)

+------+--------+-------------+-------------+-------------+---------------+-----------------+
| year | agency | grant_count | total_value | avg_value   | program_count | recipient_count |
+------+--------+-------------+-------------+-------------+---------------+-----------------+
| 2018 | NSERC  |           1 |     4218.75 | 4218.750000 |             1 |               1 |
+------+--------+-------------+-------------+-------------+---------------+-----------------+
1 row in set (0.00 sec)

Query OK, 0 rows affected (0.00 sec)